---
source: src/integration/screens.rs
expression: screen
---
 rustClean  /Users/demo  │  8.6 GiB (diskte)  │  17 dosya  │  sıralama: boyut
┏━━━━━━━━━━━━━━━━━━━━━━━━━━━━━━━━━━━━━━━┓Movies/                              Projects/
┃Downloads/                             ┃3.2 GiB · %36.7                      1.1 GiB · %12.8
┃3.6 GiB · %41.2                        ┃
┃                                       ┃
┃                                       ┃
┃                                       ┃
┃                                       ┃
┃                                       ┃
┃                                       ┃
┃                                       ┃
┃                                       ┃
┃                                       ┃
┃                                       ┃
┃                                       ┃
┃                                       ┃
┃                                       ┃                                     Library/          App…
┃                                       ┃                                     665.0 MiB · %7.5  150…
┃                                       ┃
┃                                       ┃
┃                                       ┃
┃                                       ┃
┃                                       ┃
┃                                       ┃
┃                                       ┃
┗━━━━━━━━━━━━━━━━━━━━━━━━━━━━━━━━━━━━━━━┛
diğer (1 küçük öğe — Enter: listede gör)
 t / Esc  listeye dön   Renk: ████ klasörler (her biri ayrı)  ██ Video  ██ Ses  ██ Resim  ██ Arşiv /
37 öğe tarandı, 1.2 sn   ⚠ 2 öğeye erişilemedi
 ?  yardım   ←↑↓→  blok seç   Enter  gir   ⌫  geri   c  renk   t/Esc  liste   Space  sepete   x  çöp
--- styles (column+width foreground/background modifiers) ---
 0: 0+11 Indexed(231)/Indexed(25) BOLD
 1: 0+41 White/Indexed(25) BOLD | 41+7 White/Indexed(130) BOLD | 48+30 White/Indexed(130) | 78+9 White/Indexed(29) BOLD | 87+13 White/Indexed(29)
 2: 0+11 White/Indexed(25) BOLD | 11+29 White/Indexed(25) | 40+1 White/Indexed(25) BOLD | 41+37 White/Indexed(130) | 78+22 White/Indexed(29)
 3: 0+1 White/Indexed(25) BOLD | 1+39 White/Indexed(25) | 40+1 White/Indexed(25) BOLD | 41+37 White/Indexed(130) | 78+22 White/Indexed(29)
 4: 0+1 White/Indexed(25) BOLD | 1+39 White/Indexed(25) | 40+1 White/Indexed(25) BOLD | 41+37 White/Indexed(130) | 78+22 White/Indexed(29)
 5: 0+1 White/Indexed(25) BOLD | 1+39 White/Indexed(25) | 40+1 White/Indexed(25) BOLD | 41+37 White/Indexed(130) | 78+22 White/Indexed(29)
 6: 0+1 White/Indexed(25) BOLD | 1+39 White/Indexed(25) | 40+1 White/Indexed(25) BOLD | 41+37 White/Indexed(130) | 78+22 White/Indexed(29)
 7: 0+1 White/Indexed(25) BOLD | 1+39 White/Indexed(25) | 40+1 White/Indexed(25) BOLD | 41+37 White/Indexed(130) | 78+22 White/Indexed(29)
 8: 0+1 White/Indexed(25) BOLD | 1+39 White/Indexed(25) | 40+1 White/Indexed(25) BOLD | 41+37 White/Indexed(130) | 78+22 White/Indexed(29)
 9: 0+1 White/Indexed(25) BOLD | 1+39 White/Indexed(25) | 40+1 White/Indexed(25) BOLD | 41+37 White/Indexed(130) | 78+22 White/Indexed(29)
10: 0+1 White/Indexed(25) BOLD | 1+39 White/Indexed(25) | 40+1 White/Indexed(25) BOLD | 41+37 White/Indexed(130) | 78+22 White/Indexed(29)
11: 0+1 White/Indexed(25) BOLD | 1+39 White/Indexed(25) | 40+1 White/Indexed(25) BOLD | 41+37 White/Indexed(130) | 78+22 White/Indexed(29)
12: 0+1 White/Indexed(25) BOLD | 1+39 White/Indexed(25) | 40+1 White/Indexed(25) BOLD | 41+37 White/Indexed(130) | 78+22 White/Indexed(29)
13: 0+1 White/Indexed(25) BOLD | 1+39 White/Indexed(25) | 40+1 White/Indexed(25) BOLD | 41+37 White/Indexed(130) | 78+22 White/Indexed(29)
14: 0+1 White/Indexed(25) BOLD | 1+39 White/Indexed(25) | 40+1 White/Indexed(25) BOLD | 41+37 White/Indexed(130) | 78+22 White/Indexed(29)
15: 0+1 White/Indexed(25) BOLD | 1+39 White/Indexed(25) | 40+1 White/Indexed(25) BOLD | 41+37 White/Indexed(130) | 78+22 White/Indexed(29)
16: 0+1 White/Indexed(25) BOLD | 1+39 White/Indexed(25) | 40+1 White/Indexed(25) BOLD | 41+37 White/Indexed(130) | 78+8 White/Indexed(90) BOLD | 86+10 White/Indexed(90) | 96+4 White/Indexed(31) BOLD
17: 0+1 White/Indexed(25) BOLD | 1+39 White/Indexed(25) | 40+1 White/Indexed(25) BOLD | 41+37 White/Indexed(130) | 78+18 White/Indexed(90) | 96+4 White/Indexed(31)
18: 0+1 White/Indexed(25) BOLD | 1+39 White/Indexed(25) | 40+1 White/Indexed(25) BOLD | 41+37 White/Indexed(130) | 78+18 White/Indexed(90) | 96+4 White/Indexed(31)
19: 0+1 White/Indexed(25) BOLD | 1+39 White/Indexed(25) | 40+1 White/Indexed(25) BOLD | 41+37 White/Indexed(130) | 78+18 White/Indexed(90) | 96+4 White/Indexed(31)
20: 0+1 White/Indexed(25) BOLD | 1+39 White/Indexed(25) | 40+1 White/Indexed(25) BOLD | 41+37 White/Indexed(130) | 78+18 White/Indexed(90) | 96+4 White/Indexed(31)
21: 0+1 White/Indexed(25) BOLD | 1+39 White/Indexed(25) | 40+1 White/Indexed(25) BOLD | 41+37 White/Indexed(130) | 78+18 White/Indexed(90) | 96+4 White/Indexed(31)
22: 0+1 White/Indexed(25) BOLD | 1+39 White/Indexed(25) | 40+1 White/Indexed(25) BOLD | 41+37 White/Indexed(130) | 78+18 White/Indexed(90) | 96+4 White/Indexed(31)
23: 0+1 White/Indexed(25) BOLD | 1+39 White/Indexed(25) | 40+1 White/Indexed(25) BOLD | 41+37 White/Indexed(130) | 78+18 White/Indexed(90) | 96+4 White/Indexed(31)
24: 0+1 White/Indexed(25) BOLD | 1+39 White/Indexed(25) | 40+1 White/Indexed(25) BOLD | 41+37 White/Indexed(130) | 78+18 White/Indexed(90) | 96+4 White/Indexed(31)
25: 0+41 White/Indexed(25) BOLD | 41+37 White/Indexed(130) | 78+18 White/Indexed(90) | 96+4 White/Indexed(31)
26: 0+40 White/Indexed(245) BOLD | 40+60 White/Indexed(245)
27: 0+9 Indexed(231)/Indexed(242) | 24+6 -/- BOLD | 30+1 Indexed(25)/- | 31+1 Indexed(130)/- | 32+1 Indexed(29)/- | 33+1 Indexed(90)/- | 62+2 Indexed(127)/- | 72+2 Indexed(133)/- | 80+2 Indexed(32)/- | 90+2 Indexed(178)/-
28: 0+22 Indexed(242)/- | 22+24 Indexed(130)/-
29: 0+3 Indexed(231)/Indexed(242) | 12+6 Indexed(231)/Indexed(242) | 29+7 Indexed(231)/Indexed(242) | 42+3 Indexed(231)/Indexed(242) | 52+3 Indexed(231)/Indexed(242) | 62+7 Indexed(231)/Indexed(242) | 77+7 Indexed(231)/Indexed(242) | 93+3 Indexed(231)/Indexed(242)
