---
source: src/integration/screens.rs
expression: screen
---
 rustClean  Geliştirici araçları temizliği  │  geri kazanılabilir: 6.8 GiB (ölçülüyor…)
────────────────────────────────────────────────────────────────────────────────────────────────────
  Araç                               Kazanılır    Ayrıntı
▶ Docker                                  6.0 GiB 3 images, 2 volumes
  npm önbelleği                         800.0 MiB ~/.npm
  Cargo indirme önbelleği            ⠋            ölçülüyor…
  pip önbelleği                      —            not installed
  Gradle önbelleği                   —            daemon not running















────────────────────────────────────────────────────────────────────────────────────────────────────
┌ İşlemler ────────────────────────────────────────────────────────────────────────────────────────┐
│ yeniden indirilir  docker system prune                                                           │
│    $ docker system prune                                                                         │
└──────────────────────────────────────────────────────────────────────────────────────────────────┘
Ölçüm yalnızca okur. Hiçbir komut siz onaylamadan çalışmaz.
 ?  yardım   ↑↓  seç   Enter  temizle   r  yeniden ölç   m  menü   Esc  geri   q  çık
--- styles (column+width foreground/background modifiers) ---
 0: 0+11 Indexed(231)/Indexed(25) BOLD
 2: 0+100 -/- BOLD | UNDERLINED
 3: 0+100 -/Indexed(253) BOLD
 4: 2+13 -/- BOLD | 37+12 -/- BOLD
 5: 2+23 -/- BOLD | 37+12 Indexed(25)/- | 50+10 Indexed(25)/-
 6: 2+13 Indexed(242)/- | 37+12 Indexed(242)/- | 50+13 Indexed(242)/-
 7: 2+16 -/- BOLD | 37+12 Indexed(130)/- | 50+18 Indexed(130)/-
24: 0+1 Indexed(248)/- | 1+10 -/- BOLD | 11+89 Indexed(248)/-
25: 0+1 Indexed(248)/- | 1+19 Indexed(16)/Indexed(220) | 20+20 -/- BOLD | 99+1 Indexed(248)/-
26: 0+1 Indexed(248)/- | 1+25 Indexed(242)/- | 99+1 Indexed(248)/-
27: 0+100 Indexed(248)/-
28: 0+100 Indexed(242)/-
29: 0+3 Indexed(231)/Indexed(242) | 12+4 Indexed(231)/Indexed(242) | 22+7 Indexed(231)/Indexed(242) | 39+3 Indexed(231)/Indexed(242) | 56+3 Indexed(231)/Indexed(242) | 66+5 Indexed(231)/Indexed(242) | 78+3 Indexed(231)/Indexed(242)
