---
source: src/integration/screens.rs
expression: screen
---
 rustClean  🧺  2 items, 3.8 GiB (S)  │  Basket — /Users/demo  │  2 rows, 3.8 GiB (on disk)
──────────────────────────────────── Date: ██ ≤ 7 days   ██ ≤ 30 days   ██ ≤ 1 year   ██ > 1 year
      Size        Count      Modified         Location
▶ [✓]     3.0 GiB            2025-08-27 12:00 Downloads/Xcode_16.xip
  [✓]   820.0 MiB          1 2026-09-21 12:00 Projects/api/target/






















────────────────────────────────────────────────────────────────────────────────────────────────────
Space: remove from basket · c: empty the basket · x: move all to the trash
 ?  help   ↑↓  move   Space  remove   c  empty the basket   x  move all to the trash   Enter  go to
--- styles (column+width foreground/background modifiers) ---
 0: 0+11 Black/Cyan BOLD
 1: 36+7 White/- BOLD | 43+2 Green/- | 45+12 White/- | 57+2 Cyan/- | 59+13 White/- | 72+2 Yellow/- | 74+12 White/- | 86+2 Red/- | 88+12 White/-
 2: 0+100 -/- BOLD | UNDERLINED
 3: 0+100 White/Indexed(238) BOLD
 4: 2+3 Green/- BOLD | 18+10 Gray/- | 29+16 Cyan/- | 46+20 LightBlue/- BOLD
28: 0+100 Gray/-
29: 0+3 Black/Gray | 10+4 Black/Gray | 21+7 Black/Gray | 37+3 Black/Gray | 59+3 Black/Gray | 86+7 Black/Gray
